// Jest Snapshot v1, https://goo.gl/fbAQLP

exports[`renders correctly 1`] = `
<View
  style={
    Object {
      "backgroundColor": "rgb(0, 71, 97)",
      "height": 10,
    }
  }
/>
`;
